// Jest Snapshot v1, https://goo.gl/fbAQLP

exports[`Requests tests Requests renders correctly 1`] = `
<div>
  <div
    className="col-md-4 col-sm-4"
  />
  <div
    className="col-md-4 col-sm-4"
  >
    <div
      className="input-group pull-right"
    >
      <input
        className="form-control"
        onChange={[Function]}
        placeholder="Введите имя набора"
        type="text"
        value={undefined}
      />
      <div
        className="input-group-btn"
      >
        <button
          className="btn btn-default"
          disabled={false}
          onClick={[Function]}
        >
          <i
            className="glyphicon glyphicon-pencil"
            title="Переименовать набор"
          />
        </button>
        <button
          className="btn btn-default"
          onClick={[Function]}
        >
          <i
            className="glyphicon glyphicon-plus"
            title="Добавить набор"
          />
        </button>
      </div>
    </div>
  </div>
</div>
`;
