// Jest Snapshot v1, https://goo.gl/fbAQLP

exports[`MethodDropdown tests MethodDropdown renders correctly 1`] = `
<li
  role="presentation"
>
  <a
    data-toggle="dropdown"
    name="method"
    role="button"
  >
    ru.sbrf.bh.banking.product.pcredit.request.fg.SbrfPersonalCreditRequestFactoryFgService#0
    <span
      className="caret"
    />
  </a>
  <ul
    className="dropdown-menu pull-right"
    role="menu"
  >
    <li
      role="presentation"
    >
      <a
        href="/ru.sbrf.bh.banking.product.pcredit.request.fg.SbrfPersonalCreditRequestFactoryFgService%230/changeStatus"
        onClick={[Function]}
        role="menuitem"
      >
        changeStatus
      </a>
    </li>
  </ul>
</li>
`;
