// Jest Snapshot v1, https://goo.gl/fbAQLP

exports[`MethodDropdown tests MethodDropdown renders correctly 1`] = `
<li
  role="presentation"
>
  <a
    data-toggle="dropdown"
    name="method"
    role="button"
  >
    <span
      className="caret"
    />
  </a>
  <ul
    className="dropdown-menu pull-right"
    role="menu"
  />
</li>
`;
