// Jest Snapshot v1, https://goo.gl/fbAQLP

exports[`SelectOption tests SelectOption renders correctly 1`] = `
<div
  className={undefined}
  title={undefined}
>
  <span
    onMouseDown={[Function]}
    onMouseEnter={[Function]}
    onMouseMove={[Function]}
  />
  <i
    className="glyphicon glyphicon-remove text-danger pull-right"
    onClick={[Function]}
    role="button"
  />
</div>
`;
